-- The CXX compiler identification is GNU 13.3.0
-- Detecting CXX compiler ABI info
-- Detecting CXX compiler ABI info - done
-- Check for working CXX compiler: /usr/bin/c++ - skipped
-- Detecting CXX compile features
-- Detecting CXX compile features - done
-- Performing Test CMAKE_HAVE_LIBC_PTHREAD
-- Performing Test CMAKE_HAVE_LIBC_PTHREAD - Success
-- Found Threads: TRUE  
-- Found ament_cmake: 2.5.6 (/opt/ros/jazzy/share/ament_cmake/cmake)
-- Found Python3: /usr/bin/python3 (found version "3.12.3") found components: Interpreter 
-- Found rclcpp: 28.1.21 (/opt/ros/jazzy/share/rclcpp/cmake)
-- Found rosidl_generator_c: 4.6.9 (/opt/ros/jazzy/share/rosidl_generator_c/cmake)
-- Found rosidl_generator_cpp: 4.6.9 (/opt/ros/jazzy/share/rosidl_generator_cpp/cmake)
-- Using all available rosidl_typesupport_c: rosidl_typesupport_fastrtps_c;rosidl_typesupport_introspection_c
-- Using all available rosidl_typesupport_cpp: rosidl_typesupport_fastrtps_cpp;rosidl_typesupport_introspection_cpp
-- Found rmw_implementation_cmake: 7.3.3 (/opt/ros/jazzy/share/rmw_implementation_cmake/cmake)
-- Found rmw_fastrtps_cpp: 8.4.4 (/opt/ros/jazzy/share/rmw_fastrtps_cpp/cmake)
-- Found OpenSSL: /usr/lib/aarch64-linux-gnu/libcrypto.so (found version "3.0.13")  
-- Found FastRTPS: /opt/ros/jazzy/include (Required is at least version "2.13") 
-- Using RMW implementation 'rmw_fastrtps_cpp' as default
-- Found geometry_msgs: 5.3.8 (/opt/ros/jazzy/share/geometry_msgs/cmake)
-- Found masc_chassis_can_sdk: 1.0.0 (/home/tiema/project/masc_chassis/chassis_ros_ws/install/masc_chassis_can_sdk/share/masc_chassis_can_sdk/cmake)
-- Found masc_chassis_msgs: 1.0.0 (/home/tiema/project/masc_chassis/chassis_ros_ws/install/masc_chassis_msgs/share/masc_chassis_msgs/cmake)
-- Found nav_msgs: 5.3.8 (/opt/ros/jazzy/share/nav_msgs/cmake)
-- Found sensor_msgs: 5.3.8 (/opt/ros/jazzy/share/sensor_msgs/cmake)
-- Found std_srvs: 5.3.8 (/opt/ros/jazzy/share/std_srvs/cmake)
-- Found tf2: 0.36.21 (/opt/ros/jazzy/share/tf2/cmake)
-- Found tf2_geometry_msgs: 0.36.21 (/opt/ros/jazzy/share/tf2_geometry_msgs/cmake)
-- Found eigen3_cmake_module: 0.3.1 (/opt/ros/jazzy/share/eigen3_cmake_module/cmake)
-- Found Eigen3: TRUE (found version "3.4.0") 
-- Ensuring Eigen3 include directory is part of orocos-kdl CMake target
-- Configuring done (3.1s)
-- Generating done (0.0s)
-- Build files have been written to: /home/tiema/project/masc_chassis/chassis_ros_ws/build/masc_chassis_ros_driver
[ 37%] [32mBuilding CXX object CMakeFiles/masc_chassis_ros_driver_node.dir/src/command_filter.cpp.o[0m
[ 37%] [32mBuilding CXX object CMakeFiles/masc_chassis_ros_driver_node.dir/src/chassis_ros_driver_node.cpp.o[0m
[ 37%] [32mBuilding CXX object CMakeFiles/masc_chassis_ros_driver_node.dir/src/auto_lock_controller.cpp.o[0m
[ 50%] [32mBuilding CXX object CMakeFiles/masc_chassis_ros_driver_node.dir/src/feedback_cache.cpp.o[0m
[ 62%] [32mBuilding CXX object CMakeFiles/masc_chassis_ros_driver_node.dir/src/ros_conversions.cpp.o[0m
[ 75%] [32mBuilding CXX object CMakeFiles/masc_chassis_ros_driver_node.dir/src/odom_integrator.cpp.o[0m
[ 87%] [32mBuilding CXX object CMakeFiles/masc_chassis_ros_driver_node.dir/src/main.cpp.o[0m
[100%] [32m[1mLinking CXX executable masc_chassis_ros_driver_node[0m
[100%] Built target masc_chassis_ros_driver_node
-- Install configuration: ""
-- Installing: /home/tiema/project/masc_chassis/chassis_ros_ws/install/masc_chassis_ros_driver/lib/masc_chassis_ros_driver/masc_chassis_ros_driver_node
-- Set non-toolchain portion of runtime path of "/home/tiema/project/masc_chassis/chassis_ros_ws/install/masc_chassis_ros_driver/lib/masc_chassis_ros_driver/masc_chassis_ros_driver_node" to ""
-- Installing: /home/tiema/project/masc_chassis/chassis_ros_ws/install/masc_chassis_ros_driver/share/masc_chassis_ros_driver/config
-- Installing: /home/tiema/project/masc_chassis/chassis_ros_ws/install/masc_chassis_ros_driver/share/masc_chassis_ros_driver/config/ros2
-- Installing: /home/tiema/project/masc_chassis/chassis_ros_ws/install/masc_chassis_ros_driver/share/masc_chassis_ros_driver/config/ros2/driver_params.yaml
-- Installing: /home/tiema/project/masc_chassis/chassis_ros_ws/install/masc_chassis_ros_driver/share/masc_chassis_ros_driver/config/ros1
-- Installing: /home/tiema/project/masc_chassis/chassis_ros_ws/install/masc_chassis_ros_driver/share/masc_chassis_ros_driver/config/ros1/driver_params.yaml
-- Installing: /home/tiema/project/masc_chassis/chassis_ros_ws/install/masc_chassis_ros_driver/share/masc_chassis_ros_driver/launch
-- Installing: /home/tiema/project/masc_chassis/chassis_ros_ws/install/masc_chassis_ros_driver/share/masc_chassis_ros_driver/launch/masc_chassis_ros_driver_ros1.launch
-- Installing: /home/tiema/project/masc_chassis/chassis_ros_ws/install/masc_chassis_ros_driver/share/masc_chassis_ros_driver/launch/masc_chassis_ros_driver.launch.py
-- Installing: /home/tiema/project/masc_chassis/chassis_ros_ws/install/masc_chassis_ros_driver/share/ament_index/resource_index/package_run_dependencies/masc_chassis_ros_driver
-- Installing: /home/tiema/project/masc_chassis/chassis_ros_ws/install/masc_chassis_ros_driver/share/ament_index/resource_index/parent_prefix_path/masc_chassis_ros_driver
-- Installing: /home/tiema/project/masc_chassis/chassis_ros_ws/install/masc_chassis_ros_driver/share/masc_chassis_ros_driver/environment/ament_prefix_path.sh
-- Installing: /home/tiema/project/masc_chassis/chassis_ros_ws/install/masc_chassis_ros_driver/share/masc_chassis_ros_driver/environment/ament_prefix_path.dsv
-- Installing: /home/tiema/project/masc_chassis/chassis_ros_ws/install/masc_chassis_ros_driver/share/masc_chassis_ros_driver/environment/path.sh
-- Installing: /home/tiema/project/masc_chassis/chassis_ros_ws/install/masc_chassis_ros_driver/share/masc_chassis_ros_driver/environment/path.dsv
-- Installing: /home/tiema/project/masc_chassis/chassis_ros_ws/install/masc_chassis_ros_driver/share/masc_chassis_ros_driver/local_setup.bash
-- Installing: /home/tiema/project/masc_chassis/chassis_ros_ws/install/masc_chassis_ros_driver/share/masc_chassis_ros_driver/local_setup.sh
-- Installing: /home/tiema/project/masc_chassis/chassis_ros_ws/install/masc_chassis_ros_driver/share/masc_chassis_ros_driver/local_setup.zsh
-- Installing: /home/tiema/project/masc_chassis/chassis_ros_ws/install/masc_chassis_ros_driver/share/masc_chassis_ros_driver/local_setup.dsv
-- Installing: /home/tiema/project/masc_chassis/chassis_ros_ws/install/masc_chassis_ros_driver/share/masc_chassis_ros_driver/package.dsv
-- Installing: /home/tiema/project/masc_chassis/chassis_ros_ws/install/masc_chassis_ros_driver/share/ament_index/resource_index/packages/masc_chassis_ros_driver
-- Installing: /home/tiema/project/masc_chassis/chassis_ros_ws/install/masc_chassis_ros_driver/share/masc_chassis_ros_driver/cmake/masc_chassis_ros_driverConfig.cmake
-- Installing: /home/tiema/project/masc_chassis/chassis_ros_ws/install/masc_chassis_ros_driver/share/masc_chassis_ros_driver/cmake/masc_chassis_ros_driverConfig-version.cmake
-- Installing: /home/tiema/project/masc_chassis/chassis_ros_ws/install/masc_chassis_ros_driver/share/masc_chassis_ros_driver/package.xml
