-- The CXX compiler identification is GNU 13.3.0
-- Detecting CXX compiler ABI info
-- Detecting CXX compiler ABI info - done
-- Check for working CXX compiler: /usr/bin/c++ - skipped
-- Detecting CXX compile features
-- Detecting CXX compile features - done
-- Performing Test CMAKE_HAVE_LIBC_PTHREAD
-- Performing Test CMAKE_HAVE_LIBC_PTHREAD - Success
-- Found Threads: TRUE  
-- Found ament_cmake: 2.5.6 (/opt/ros/jazzy/share/ament_cmake/cmake)
-- Found Python3: /usr/bin/python3 (found version "3.12.3") found components: Interpreter 
-- Configuring done (4.1s)
-- Generating done (0.0s)
-- Build files have been written to: /home/tiema/project/masc_chassis/chassis_ros_ws/build/masc_chassis_can_sdk
[  9%] [32mBuilding CXX object CMakeFiles/masc_chassis_can_sdk.dir/src/chassis_protocol.cpp.o[0m
[ 18%] [32mBuilding CXX object CMakeFiles/masc_chassis_can_sdk.dir/src/socketcan_transport.cpp.o[0m
[ 27%] [32mBuilding CXX object CMakeFiles/masc_chassis_can_sdk.dir/src/unsupported_can_transport.cpp.o[0m
[ 36%] [32mBuilding CXX object CMakeFiles/masc_chassis_can_sdk.dir/src/chassis_sdk.cpp.o[0m
[ 45%] [32m[1mLinking CXX static library libmasc_chassis_can_sdk.a[0m
[ 45%] Built target masc_chassis_can_sdk
[ 54%] [32mBuilding CXX object CMakeFiles/masc_chassis_can_sdk_demo.dir/examples/chassis_can_sdk_demo.cpp.o[0m
[ 63%] [32m[1mLinking CXX executable masc_chassis_can_sdk_demo[0m
[ 63%] Built target masc_chassis_can_sdk_demo
[ 72%] [32mBuilding CXX object CMakeFiles/masc_chassis_can_sdk_runtime_tests.dir/tests/runtime_tests.cpp.o[0m
[ 81%] [32m[1mLinking CXX executable masc_chassis_can_sdk_runtime_tests[0m
[ 81%] Built target masc_chassis_can_sdk_runtime_tests
[ 90%] [32mBuilding CXX object CMakeFiles/masc_chassis_can_sdk_protocol_tests.dir/tests/protocol_tests.cpp.o[0m
[100%] [32m[1mLinking CXX executable masc_chassis_can_sdk_protocol_tests[0m
[100%] Built target masc_chassis_can_sdk_protocol_tests
-- Install configuration: ""
-- Installing: /home/tiema/project/masc_chassis/chassis_ros_ws/install/masc_chassis_can_sdk/lib/libmasc_chassis_can_sdk.a
-- Installing: /home/tiema/project/masc_chassis/chassis_ros_ws/install/masc_chassis_can_sdk/include
-- Installing: /home/tiema/project/masc_chassis/chassis_ros_ws/install/masc_chassis_can_sdk/include/masc_chassis_can_sdk
-- Installing: /home/tiema/project/masc_chassis/chassis_ros_ws/install/masc_chassis_can_sdk/include/masc_chassis_can_sdk/types.hpp
-- Installing: /home/tiema/project/masc_chassis/chassis_ros_ws/install/masc_chassis_can_sdk/include/masc_chassis_can_sdk/chassis_protocol.hpp
-- Installing: /home/tiema/project/masc_chassis/chassis_ros_ws/install/masc_chassis_can_sdk/include/masc_chassis_can_sdk/can_frame.hpp
-- Installing: /home/tiema/project/masc_chassis/chassis_ros_ws/install/masc_chassis_can_sdk/include/masc_chassis_can_sdk/chassis_sdk.hpp
-- Installing: /home/tiema/project/masc_chassis/chassis_ros_ws/install/masc_chassis_can_sdk/include/masc_chassis_can_sdk/socketcan_transport.hpp
-- Installing: /home/tiema/project/masc_chassis/chassis_ros_ws/install/masc_chassis_can_sdk/include/masc_chassis_can_sdk/state_cache.hpp
-- Installing: /home/tiema/project/masc_chassis/chassis_ros_ws/install/masc_chassis_can_sdk/include/masc_chassis_can_sdk/unsupported_can_transport.hpp
-- Installing: /home/tiema/project/masc_chassis/chassis_ros_ws/install/masc_chassis_can_sdk/include/masc_chassis_can_sdk/can_transport.hpp
-- Installing: /home/tiema/project/masc_chassis/chassis_ros_ws/install/masc_chassis_can_sdk/bin/masc_chassis_can_sdk_demo
-- Installing: /home/tiema/project/masc_chassis/chassis_ros_ws/install/masc_chassis_can_sdk/share/masc_chassis_can_sdk/environment/library_path.sh
-- Installing: /home/tiema/project/masc_chassis/chassis_ros_ws/install/masc_chassis_can_sdk/share/masc_chassis_can_sdk/environment/library_path.dsv
-- Installing: /home/tiema/project/masc_chassis/chassis_ros_ws/install/masc_chassis_can_sdk/share/ament_index/resource_index/package_run_dependencies/masc_chassis_can_sdk
-- Installing: /home/tiema/project/masc_chassis/chassis_ros_ws/install/masc_chassis_can_sdk/share/ament_index/resource_index/parent_prefix_path/masc_chassis_can_sdk
-- Installing: /home/tiema/project/masc_chassis/chassis_ros_ws/install/masc_chassis_can_sdk/share/masc_chassis_can_sdk/environment/ament_prefix_path.sh
-- Installing: /home/tiema/project/masc_chassis/chassis_ros_ws/install/masc_chassis_can_sdk/share/masc_chassis_can_sdk/environment/ament_prefix_path.dsv
-- Installing: /home/tiema/project/masc_chassis/chassis_ros_ws/install/masc_chassis_can_sdk/share/masc_chassis_can_sdk/environment/path.sh
-- Installing: /home/tiema/project/masc_chassis/chassis_ros_ws/install/masc_chassis_can_sdk/share/masc_chassis_can_sdk/environment/path.dsv
-- Installing: /home/tiema/project/masc_chassis/chassis_ros_ws/install/masc_chassis_can_sdk/share/masc_chassis_can_sdk/local_setup.bash
-- Installing: /home/tiema/project/masc_chassis/chassis_ros_ws/install/masc_chassis_can_sdk/share/masc_chassis_can_sdk/local_setup.sh
-- Installing: /home/tiema/project/masc_chassis/chassis_ros_ws/install/masc_chassis_can_sdk/share/masc_chassis_can_sdk/local_setup.zsh
-- Installing: /home/tiema/project/masc_chassis/chassis_ros_ws/install/masc_chassis_can_sdk/share/masc_chassis_can_sdk/local_setup.dsv
-- Installing: /home/tiema/project/masc_chassis/chassis_ros_ws/install/masc_chassis_can_sdk/share/masc_chassis_can_sdk/package.dsv
-- Installing: /home/tiema/project/masc_chassis/chassis_ros_ws/install/masc_chassis_can_sdk/share/ament_index/resource_index/packages/masc_chassis_can_sdk
-- Installing: /home/tiema/project/masc_chassis/chassis_ros_ws/install/masc_chassis_can_sdk/share/masc_chassis_can_sdk/cmake/export_masc_chassis_can_sdkExport.cmake
-- Installing: /home/tiema/project/masc_chassis/chassis_ros_ws/install/masc_chassis_can_sdk/share/masc_chassis_can_sdk/cmake/export_masc_chassis_can_sdkExport-noconfig.cmake
-- Installing: /home/tiema/project/masc_chassis/chassis_ros_ws/install/masc_chassis_can_sdk/share/masc_chassis_can_sdk/cmake/ament_cmake_export_targets-extras.cmake
-- Installing: /home/tiema/project/masc_chassis/chassis_ros_ws/install/masc_chassis_can_sdk/share/masc_chassis_can_sdk/cmake/ament_cmake_export_dependencies-extras.cmake
-- Installing: /home/tiema/project/masc_chassis/chassis_ros_ws/install/masc_chassis_can_sdk/share/masc_chassis_can_sdk/cmake/masc_chassis_can_sdkConfig.cmake
-- Installing: /home/tiema/project/masc_chassis/chassis_ros_ws/install/masc_chassis_can_sdk/share/masc_chassis_can_sdk/cmake/masc_chassis_can_sdkConfig-version.cmake
-- Installing: /home/tiema/project/masc_chassis/chassis_ros_ws/install/masc_chassis_can_sdk/share/masc_chassis_can_sdk/package.xml
